# serializer version: 1
# name: test_create
  LaMarzoccoMachine(
    bluetooth_connected=False,
    cloud_client=LaMarzoccoCloudClient(
      password='password',
      username='username',
    ),
    config=LaMarzoccoMachineConfig(turned_on=True, doses={<PhysicalKey.A: 1>: 135, <PhysicalKey.B: 2>: 97, <PhysicalKey.C: 3>: 108, <PhysicalKey.D: 4>: 121}, boilers={<BoilerType.STEAM: 'SteamBoiler'>: LaMarzoccoBoiler(enabled=True, current_temperature=123.80000305175781, target_temperature=123.9000015258789), <BoilerType.COFFEE: 'CoffeeBoiler1'>: LaMarzoccoBoiler(enabled=True, current_temperature=96.5, target_temperature=95)}, prebrew_mode=<PrebrewMode.PREINFUSION: 'TypeB'>, plumbed_in=True, prebrew_configuration={<PhysicalKey.A: 1>: LaMarzoccoPrebrewConfiguration(on_time=0.5, off_time=1), <PhysicalKey.B: 2>: LaMarzoccoPrebrewConfiguration(on_time=0.5, off_time=1), <PhysicalKey.C: 3>: LaMarzoccoPrebrewConfiguration(on_time=3.299999952316284, off_time=3.299999952316284), <PhysicalKey.D: 4>: LaMarzoccoPrebrewConfiguration(on_time=2, off_time=2)}, dose_hot_water=8, water_contact=True, auto_on_off_schedule=LaMarzoccoSchedule(enabled=True, days={<WeekDay.MONDAY: 'monday'>: LaMarzoccoScheduleDay(enabled=True, h_on=6, h_off=16, m_on=0, m_off=0), <WeekDay.TUESDAY: 'tuesday'>: LaMarzoccoScheduleDay(enabled=True, h_on=6, h_off=16, m_on=0, m_off=0), <WeekDay.WEDNESDAY: 'wednesday'>: LaMarzoccoScheduleDay(enabled=True, h_on=6, h_off=16, m_on=0, m_off=0), <WeekDay.THURSDAY: 'thursday'>: LaMarzoccoScheduleDay(enabled=True, h_on=6, h_off=16, m_on=0, m_off=0), <WeekDay.FRIDAY: 'friday'>: LaMarzoccoScheduleDay(enabled=True, h_on=6, h_off=16, m_on=0, m_off=0), <WeekDay.SATURDAY: 'saturday'>: LaMarzoccoScheduleDay(enabled=True, h_on=6, h_off=16, m_on=0, m_off=0), <WeekDay.SUNDAY: 'sunday'>: LaMarzoccoScheduleDay(enabled=True, h_on=6, h_off=16, m_on=0, m_off=0)}), brew_active=False, brew_active_duration=0),
    firmware=dict({
      <FirmwareType.GATEWAY: 'gateway'>: LaMarzoccoFirmware(current_version='v2.2-rc0', latest_version='v2.2-rc0'),
      <FirmwareType.MACHINE: 'machine'>: LaMarzoccoFirmware(current_version='1.11', latest_version='1.12'),
    }),
    full_model_name=<MachineModel.GS3_AV: 'GS3 AV'>,
    model=<MachineModel.GS3_AV: 'GS3 AV'>,
    name='MyMachine',
    serial_number='GS01234',
    statistics=LaMarzoccoCoffeeStatistics(drink_stats={<PhysicalKey.A: 1>: 167, <PhysicalKey.B: 2>: 0, <PhysicalKey.C: 3>: 0, <PhysicalKey.D: 4>: 0}, continous=0, total_flushes=228),
    steam_level=<SteamLevel.LEVEL_1: 126>,
    websocket_connected=False,
  )
# ---
# name: test_websocket_message
  LaMarzoccoMachineConfig(turned_on=True, doses={<PhysicalKey.A: 1>: 135, <PhysicalKey.B: 2>: 97, <PhysicalKey.C: 3>: 108, <PhysicalKey.D: 4>: 121}, boilers={<BoilerType.STEAM: 'SteamBoiler'>: LaMarzoccoBoiler(enabled=True, current_temperature=113, target_temperature=131), <BoilerType.COFFEE: 'CoffeeBoiler1'>: LaMarzoccoBoiler(enabled=True, current_temperature=81, target_temperature=94)}, prebrew_mode=<PrebrewMode.PREINFUSION: 'TypeB'>, plumbed_in=True, prebrew_configuration={<PhysicalKey.A: 1>: LaMarzoccoPrebrewConfiguration(on_time=0.5, off_time=1), <PhysicalKey.B: 2>: LaMarzoccoPrebrewConfiguration(on_time=0.5, off_time=1), <PhysicalKey.C: 3>: LaMarzoccoPrebrewConfiguration(on_time=3.299999952316284, off_time=3.299999952316284), <PhysicalKey.D: 4>: LaMarzoccoPrebrewConfiguration(on_time=2, off_time=2)}, dose_hot_water=8, water_contact=True, auto_on_off_schedule=LaMarzoccoSchedule(enabled=True, days={<WeekDay.MONDAY: 'monday'>: LaMarzoccoScheduleDay(enabled=True, h_on=6, h_off=16, m_on=0, m_off=0), <WeekDay.TUESDAY: 'tuesday'>: LaMarzoccoScheduleDay(enabled=True, h_on=6, h_off=16, m_on=0, m_off=0), <WeekDay.WEDNESDAY: 'wednesday'>: LaMarzoccoScheduleDay(enabled=True, h_on=6, h_off=16, m_on=0, m_off=0), <WeekDay.THURSDAY: 'thursday'>: LaMarzoccoScheduleDay(enabled=True, h_on=6, h_off=16, m_on=0, m_off=0), <WeekDay.FRIDAY: 'friday'>: LaMarzoccoScheduleDay(enabled=True, h_on=6, h_off=16, m_on=0, m_off=0), <WeekDay.SATURDAY: 'saturday'>: LaMarzoccoScheduleDay(enabled=True, h_on=6, h_off=16, m_on=0, m_off=0), <WeekDay.SUNDAY: 'sunday'>: LaMarzoccoScheduleDay(enabled=True, h_on=6, h_off=16, m_on=0, m_off=0)}), brew_active=False, brew_active_duration=0)
# ---
# name: test_websocket_message.1
  LaMarzoccoMachineConfig(turned_on=True, doses={<PhysicalKey.A: 1>: 135, <PhysicalKey.B: 2>: 97, <PhysicalKey.C: 3>: 108, <PhysicalKey.D: 4>: 121}, boilers={<BoilerType.STEAM: 'SteamBoiler'>: LaMarzoccoBoiler(enabled=True, current_temperature=50, target_temperature=131), <BoilerType.COFFEE: 'CoffeeBoiler1'>: LaMarzoccoBoiler(enabled=True, current_temperature=36, target_temperature=94)}, prebrew_mode=<PrebrewMode.PREINFUSION: 'TypeB'>, plumbed_in=True, prebrew_configuration={<PhysicalKey.A: 1>: LaMarzoccoPrebrewConfiguration(on_time=0.5, off_time=1), <PhysicalKey.B: 2>: LaMarzoccoPrebrewConfiguration(on_time=0.5, off_time=1), <PhysicalKey.C: 3>: LaMarzoccoPrebrewConfiguration(on_time=3.299999952316284, off_time=3.299999952316284), <PhysicalKey.D: 4>: LaMarzoccoPrebrewConfiguration(on_time=2, off_time=2)}, dose_hot_water=8, water_contact=True, auto_on_off_schedule=LaMarzoccoSchedule(enabled=True, days={<WeekDay.MONDAY: 'monday'>: LaMarzoccoScheduleDay(enabled=True, h_on=6, h_off=16, m_on=0, m_off=0), <WeekDay.TUESDAY: 'tuesday'>: LaMarzoccoScheduleDay(enabled=True, h_on=6, h_off=16, m_on=0, m_off=0), <WeekDay.WEDNESDAY: 'wednesday'>: LaMarzoccoScheduleDay(enabled=True, h_on=6, h_off=16, m_on=0, m_off=0), <WeekDay.THURSDAY: 'thursday'>: LaMarzoccoScheduleDay(enabled=True, h_on=6, h_off=16, m_on=0, m_off=0), <WeekDay.FRIDAY: 'friday'>: LaMarzoccoScheduleDay(enabled=True, h_on=6, h_off=16, m_on=0, m_off=0), <WeekDay.SATURDAY: 'saturday'>: LaMarzoccoScheduleDay(enabled=True, h_on=6, h_off=16, m_on=0, m_off=0), <WeekDay.SUNDAY: 'sunday'>: LaMarzoccoScheduleDay(enabled=True, h_on=6, h_off=16, m_on=0, m_off=0)}), brew_active=False, brew_active_duration=0)
# ---
